
45. Printing statistics.

=== tile_dispatcher ===

   Number of wires:               1460
   Number of wire bits:           1826
   Number of public wires:          25
   Number of public wire bits:     373
   Number of ports:                 10
   Number of port bits:            214
   Number of memories:               0
   Number of memory bits:            0
   Number of processes:              0
   Number of cells:               1686
     sky130_fd_sc_hd__a2111oi_0      1
     sky130_fd_sc_hd__a211o_2        1
     sky130_fd_sc_hd__a21boi_0       7
     sky130_fd_sc_hd__a21o_2         2
     sky130_fd_sc_hd__a21oi_1      134
     sky130_fd_sc_hd__a221oi_1       1
     sky130_fd_sc_hd__a22oi_1        9
     sky130_fd_sc_hd__a2bb2oi_1      2
     sky130_fd_sc_hd__a311oi_1       1
     sky130_fd_sc_hd__a31o_2         1
     sky130_fd_sc_hd__a31oi_1       13
     sky130_fd_sc_hd__and2_2         5
     sky130_fd_sc_hd__and3_2         1
     sky130_fd_sc_hd__clkinv_1     225
     sky130_fd_sc_hd__dfrtp_1      143
     sky130_fd_sc_hd__lpflow_inputiso0p_1      2
     sky130_fd_sc_hd__nand2_1      308
     sky130_fd_sc_hd__nand3_1      265
     sky130_fd_sc_hd__nand3b_1       5
     sky130_fd_sc_hd__nand4_1       74
     sky130_fd_sc_hd__nor2_1       297
     sky130_fd_sc_hd__nor3_1        46
     sky130_fd_sc_hd__nor3b_1        8
     sky130_fd_sc_hd__nor4_1         9
     sky130_fd_sc_hd__o2111a_1       1
     sky130_fd_sc_hd__o2111ai_1      1
     sky130_fd_sc_hd__o211ai_1       6
     sky130_fd_sc_hd__o21a_1         5
     sky130_fd_sc_hd__o21ai_0       37
     sky130_fd_sc_hd__o21bai_1       2
     sky130_fd_sc_hd__o22ai_1       27
     sky130_fd_sc_hd__o2bb2ai_1      6
     sky130_fd_sc_hd__o311ai_0       1
     sky130_fd_sc_hd__o31ai_1        4
     sky130_fd_sc_hd__o32ai_1        1
     sky130_fd_sc_hd__o41ai_1        2
     sky130_fd_sc_hd__or2_2          9
     sky130_fd_sc_hd__xnor2_1        1
     sky130_fd_sc_hd__xnor3_4        1
     sky130_fd_sc_hd__xor2_1        22

   Chip area for module '\tile_dispatcher': 10752.812800
     of which used for sequential elements: 3578.432000 (33.28%)

